// Vitest Snapshot v1, https://vitest.dev/guide/snapshot.html

exports[`Ai Pagination > Renders Component 1`] = `
<div
  class="min-w-max"
  data-v-bf58aa44=""
>
  <section
    class="flex justify-between py-2 text-gray-700 dark:text-gray-300 border-t border-gray-200 dark:border-dark-border bg-body dark:bg-dark-canvas"
    data-v-bf58aa44=""
  >
    <div
      class="flex items-center justify-center w-full"
      data-v-bf58aa44=""
    >
      <div
        class="pr-4"
        data-v-bf58aa44=""
      >
        <div
          data-v-90422ccc=""
          data-v-bf58aa44=""
        >
          <button
            class="relative flex flex-row justify-center btn-base btn-text btn-disabled"
            data-test="page-btn-prev"
            data-v-90422ccc=""
            disabled=""
            tabindex="0"
            type="button"
          >
            <!--v-if-->
            
            <svg
              class="mr-2"
              data-icon="ic:arrow-back"
              data-v-bf58aa44=""
            />
            
             Previous 
            
            
          </button>
        </div>
      </div>
      <div
        class="flex items-center justify-center flex-grow"
        data-v-bf58aa44=""
      >
        <!--v-if-->
        <!--v-if-->
        
        <div
          class="flex flex-col pr-2"
          data-v-bf58aa44=""
        >
          <div
            class="selected-border"
            data-v-bf58aa44=""
          />
          <div
            class="text-primary-500 dark:text-primary-400"
            data-v-90422ccc=""
            data-v-bf58aa44=""
          >
            <button
              class="relative flex flex-row justify-center btn-base btn-text"
              data-test="page-btn-1"
              data-v-90422ccc=""
              tabindex="0"
              type="button"
            >
              <!--v-if-->
              
              1
              
            </button>
          </div>
        </div>
        
        <!--v-if-->
        <!--v-if-->
      </div>
      <div
        data-v-bf58aa44=""
      >
        <div
          data-v-90422ccc=""
          data-v-bf58aa44=""
        >
          <button
            class="relative flex flex-row justify-center btn-base btn-text btn-disabled"
            data-test="page-btn-next"
            data-v-90422ccc=""
            disabled=""
            tabindex="0"
            type="button"
          >
            <!--v-if-->
            
            
             Next 
            
            <svg
              class="ml-2"
              data-icon="ic:arrow-forward"
              data-v-bf58aa44=""
            />
            
          </button>
        </div>
      </div>
    </div>
  </section>
</div>
`;
