// Vitest Snapshot v1, https://vitest.dev/guide/snapshot.html

exports[`Ai Pagination > Renders Component 1`] = `
<div
  class="min-w-max"
  data-v-bf58aa44=""
>
  <section
    class="flex justify-between py-2 text-gray-700 dark:text-gray-300 border-t border-gray-200 dark:border-dark-border bg-body dark:bg-dark-canvas"
    data-v-bf58aa44=""
  >
    <div
      class="flex items-center justify-center w-full"
      data-v-bf58aa44=""
    >
      <div
        class="pr-4"
        data-v-bf58aa44=""
      >
        <div
          data-v-90422ccc=""
          data-v-bf58aa44=""
        >
          <button
            class="relative flex flex-row justify-center btn-base btn-text btn-disabled"
            data-test="page-btn-prev"
            data-v-90422ccc=""
            disabled=""
            tabindex="0"
            type="button"
          >
            <!--v-if-->
            
            <svg
              class="mr-2"
              data-v-bf58aa44=""
              height="1.2em"
              viewBox="0 0 256 256"
              width="1.2em"
            >
              <path
                d="M224 128a8 8 0 0 1-8 8H59.3l58.4 58.3a8.1 8.1 0 0 1 0 11.4a8.2 8.2 0 0 1-11.4 0l-72-72a8.1 8.1 0 0 1 0-11.4l72-72a8.1 8.1 0 0 1 11.4 11.4L59.3 120H216a8 8 0 0 1 8 8z"
                fill="currentColor"
              />
            </svg>
            
             Previous 
            
            
          </button>
        </div>
      </div>
      <div
        class="flex items-center justify-center flex-grow"
        data-v-bf58aa44=""
      >
        <!--v-if-->
        <!--v-if-->
        
        <div
          class="flex flex-col pr-2"
          data-v-bf58aa44=""
        >
          <div
            class="selected-border"
            data-v-bf58aa44=""
          />
          <div
            class="text-primary-500 dark:text-primary-400"
            data-v-90422ccc=""
            data-v-bf58aa44=""
          >
            <button
              class="relative flex flex-row justify-center btn-base btn-text"
              data-test="page-btn-1"
              data-v-90422ccc=""
              tabindex="0"
              type="button"
            >
              <!--v-if-->
              
              1
              
            </button>
          </div>
        </div>
        
        <!--v-if-->
        <!--v-if-->
      </div>
      <div
        data-v-bf58aa44=""
      >
        <div
          data-v-90422ccc=""
          data-v-bf58aa44=""
        >
          <button
            class="relative flex flex-row justify-center btn-base btn-text btn-disabled"
            data-test="page-btn-next"
            data-v-90422ccc=""
            disabled=""
            tabindex="0"
            type="button"
          >
            <!--v-if-->
            
            
             Next 
            
            <svg
              class="ml-2"
              data-v-bf58aa44=""
              height="1.2em"
              viewBox="0 0 256 256"
              width="1.2em"
            >
              <path
                d="M221.7 133.7l-72 72a8.2 8.2 0 0 1-11.4 0a8.1 8.1 0 0 1 0-11.4l58.4-58.3H40a8 8 0 0 1 0-16h156.7l-58.4-58.3a8.1 8.1 0 0 1 11.4-11.4l72 72a8.1 8.1 0 0 1 0 11.4z"
                fill="currentColor"
              />
            </svg>
            
          </button>
        </div>
      </div>
    </div>
  </section>
</div>
`;
