{
  "version": "1.5.0",
  "plugins_used": [
    {
      "name": "ArtifactoryDetector"
    },
    {
      "name": "AWSKeyDetector"
    },
    {
      "name": "AzureStorageKeyDetector"
    },
    {
      "name": "Base64HighEntropyString",
      "limit": 4.5
    },
    {
      "name": "BasicAuthDetector"
    },
    {
      "name": "CloudantDetector"
    },
    {
      "name": "DiscordBotTokenDetector"
    },
    {
      "name": "GitHubTokenDetector"
    },
    {
      "name": "GitLabTokenDetector"
    },
    {
      "name": "HexHighEntropyString",
      "limit": 3.0
    },
    {
      "name": "IbmCloudIamDetector"
    },
    {
      "name": "IbmCosHmacDetector"
    },
    {
      "name": "IPPublicDetector"
    },
    {
      "name": "JwtTokenDetector"
    },
    {
      "name": "KeywordDetector",
      "keyword_exclude": ""
    },
    {
      "name": "MailchimpDetector"
    },
    {
      "name": "NpmDetector"
    },
    {
      "name": "OpenAIDetector"
    },
    {
      "name": "PrivateKeyDetector"
    },
    {
      "name": "PypiTokenDetector"
    },
    {
      "name": "SendGridDetector"
    },
    {
      "name": "SlackDetector"
    },
    {
      "name": "SoftlayerDetector"
    },
    {
      "name": "SquareOAuthDetector"
    },
    {
      "name": "StripeDetector"
    },
    {
      "name": "TelegramBotTokenDetector"
    },
    {
      "name": "TwilioKeyDetector"
    }
  ],
  "filters_used": [
    {
      "path": "detect_secrets.filters.allowlist.is_line_allowlisted"
    },
    {
      "path": "detect_secrets.filters.common.is_baseline_file",
      "filename": ".secrets.baseline"
    },
    {
      "path": "detect_secrets.filters.common.is_ignored_due_to_verification_policies",
      "min_level": 2
    },
    {
      "path": "detect_secrets.filters.heuristic.is_indirect_reference"
    },
    {
      "path": "detect_secrets.filters.heuristic.is_likely_id_string"
    },
    {
      "path": "detect_secrets.filters.heuristic.is_lock_file"
    },
    {
      "path": "detect_secrets.filters.heuristic.is_not_alphanumeric_string"
    },
    {
      "path": "detect_secrets.filters.heuristic.is_potential_uuid"
    },
    {
      "path": "detect_secrets.filters.heuristic.is_prefixed_with_dollar_sign"
    },
    {
      "path": "detect_secrets.filters.heuristic.is_sequential_string"
    },
    {
      "path": "detect_secrets.filters.heuristic.is_swagger_file"
    },
    {
      "path": "detect_secrets.filters.heuristic.is_templated_secret"
    },
    {
      "path": "detect_secrets.filters.regex.should_exclude_file",
      "pattern": [
        "\\.git/.*",
        "\\.venv/.*",
        "node_modules/.*",
        ".*\\.lock$"
      ]
    }
  ],
  "results": {
    "deploy/providers/kubernetes/scripts/generate_values.py": [
      {
        "type": "Secret Keyword",
        "filename": "deploy/providers/kubernetes/scripts/generate_values.py",
        "hashed_secret": "e19649a13075212a295b5543a97edfae3e6b671c",
        "is_verified": false,
        "line_number": 41
      },
      {
        "type": "Secret Keyword",
        "filename": "deploy/providers/kubernetes/scripts/generate_values.py",
        "hashed_secret": "7f8286b76a009e6b77f5d10c91d6243e9213ad54",
        "is_verified": false,
        "line_number": 42
      },
      {
        "type": "Secret Keyword",
        "filename": "deploy/providers/kubernetes/scripts/generate_values.py",
        "hashed_secret": "b536301a4647d76c8746be0c4943fe9849d66a94",
        "is_verified": false,
        "line_number": 43
      },
      {
        "type": "Secret Keyword",
        "filename": "deploy/providers/kubernetes/scripts/generate_values.py",
        "hashed_secret": "c8c60534c3ba70644863770cc6045c6a92388f7b",
        "is_verified": false,
        "line_number": 44
      },
      {
        "type": "Secret Keyword",
        "filename": "deploy/providers/kubernetes/scripts/generate_values.py",
        "hashed_secret": "429be398add6f35db014278f1788f368799fc1ae",
        "is_verified": false,
        "line_number": 45
      },
      {
        "type": "Secret Keyword",
        "filename": "deploy/providers/kubernetes/scripts/generate_values.py",
        "hashed_secret": "6e25355bf0239c5501faf8dd7e89123c98746640",
        "is_verified": false,
        "line_number": 47
      },
      {
        "type": "Secret Keyword",
        "filename": "deploy/providers/kubernetes/scripts/generate_values.py",
        "hashed_secret": "2458b2ccea56ad66d76f2224ff0517700e450735",
        "is_verified": false,
        "line_number": 49
      },
      {
        "type": "Secret Keyword",
        "filename": "deploy/providers/kubernetes/scripts/generate_values.py",
        "hashed_secret": "c1038c2918544bf9d9cd8a29fede851aa14ade91",
        "is_verified": false,
        "line_number": 50
      },
      {
        "type": "Secret Keyword",
        "filename": "deploy/providers/kubernetes/scripts/generate_values.py",
        "hashed_secret": "1567becd31d4ed8ad147d35accd6036a121540c6",
        "is_verified": false,
        "line_number": 51
      },
      {
        "type": "Secret Keyword",
        "filename": "deploy/providers/kubernetes/scripts/generate_values.py",
        "hashed_secret": "a3642de831b4131a991a10b7125c9ac38f80d3fe",
        "is_verified": false,
        "line_number": 52
      },
      {
        "type": "Secret Keyword",
        "filename": "deploy/providers/kubernetes/scripts/generate_values.py",
        "hashed_secret": "b2ccdfe37720fb14574377d82d6806ba2952a639",
        "is_verified": false,
        "line_number": 54
      }
    ],
    "deploy/providers/kubernetes/values-secrets.yaml": [
      {
        "type": "Base64 High Entropy String",
        "filename": "deploy/providers/kubernetes/values-secrets.yaml",
        "hashed_secret": "c70569dcd08732faa86689357c6f36dce2dafa47",
        "is_verified": false,
        "line_number": 4
      },
      {
        "type": "Secret Keyword",
        "filename": "deploy/providers/kubernetes/values-secrets.yaml",
        "hashed_secret": "91dfd9ddb4198affc5c194cd8ce6d338fde470e2",
        "is_verified": false,
        "line_number": 8
      },
      {
        "type": "Secret Keyword",
        "filename": "deploy/providers/kubernetes/values-secrets.yaml",
        "hashed_secret": "ee471f92bee96d862ae21647cf5202380ea036bd",
        "is_verified": false,
        "line_number": 11
      },
      {
        "type": "Secret Keyword",
        "filename": "deploy/providers/kubernetes/values-secrets.yaml",
        "hashed_secret": "d033e22ae348aeb5660fc2140aec35850c4da997",
        "is_verified": false,
        "line_number": 25
      }
    ],
    "trust/imaging-api/tests/services_external/test_data_access.py": [
      {
        "type": "Secret Keyword",
        "filename": "trust/imaging-api/tests/services_external/test_data_access.py",
        "hashed_secret": "a9ce01d68a82311f9c7e4f073c38a8e43ed88c48",
        "is_verified": false,
        "line_number": 51
      }
    ]
  },
  "generated_at": "2026-09-02T14:32:47Z"
}
