// Vitest Snapshot v1, https://vitest.dev/guide/snapshot.html

exports[`Ai Alert > Renders Component 1`] = `
<div
  class="block w-full p-2 rounded-md bg-lightgreen-100/50 border border-emerald-600/20 dark:bg-green-700 dark:border-green-600"
>
  <div
    class="flex"
  >
    <div
      class="flex-shrink-0 mr-3"
    >
      <!--v-if-->
      <!--v-if-->
      <svg
        class="w-5 h-5 text-lightgreen-900 dark:text-green-200"
        height="1.2em"
        viewBox="0 0 256 256"
        width="1.2em"
      >
        <path
          d="M128 24a104 104 0 1 0 104 104A104.11 104.11 0 0 0 128 24m45.66 85.66l-56 56a8 8 0 0 1-11.32 0l-24-24a8 8 0 0 1 11.32-11.32L112 148.69l50.34-50.35a8 8 0 0 1 11.32 11.32"
          fill="currentColor"
        />
      </svg>
      <!--v-if-->
    </div>
    <div
      class="items-center justify-center flex-1 md:flex md:justify-between"
    >
      <p
        class="text-sm font-semibold text-lightgreen-900 dark:text-green-200"
      >
        <span>
          
          Testing
          
        </span>
      </p>
      <!--v-if-->
      <!--v-if-->
    </div>
  </div>
</div>
`;
