// Vitest Snapshot v1, https://vitest.dev/guide/snapshot.html

exports[`Ai Alert > Renders Component 1`] = `
<div
  class="block w-full p-2 rounded-md bg-lightgreen-100/50 border border-emerald-600/20 dark:bg-green-700 dark:border-green-600"
>
  <div
    class="flex"
  >
    <div
      class="flex-shrink-0 mr-3"
    >
      <!--v-if-->
      <!--v-if-->
      <svg
        class="w-5 h-5 text-lightgreen-900 dark:text-green-200"
        height="1.2em"
        viewBox="0 0 256 256"
        width="1.2em"
      >
        <path
          d="M128 24a104 104 0 1 0 104 104A104.2 104.2 0 0 0 128 24zm49.5 85.8l-58.6 56a8.1 8.1 0 0 1-5.6 2.2a7.7 7.7 0 0 1-5.5-2.2l-29.3-28a8 8 0 1 1 11-11.6l23.8 22.7l53.2-50.7a8 8 0 0 1 11 11.6z"
          fill="currentColor"
        />
      </svg>
      <!--v-if-->
    </div>
    <div
      class="items-center justify-center flex-1 md:flex md:justify-between"
    >
      <p
        class="text-sm font-semibold text-lightgreen-900 dark:text-green-200"
      >
        <span>
          
          Testing
          
        </span>
      </p>
      <!--v-if-->
      <!--v-if-->
    </div>
  </div>
</div>
`;
