// Vitest Snapshot v1, https://vitest.dev/guide/snapshot.html

exports[`Page Not Found > renders the component successfully 1`] = `
<div
  class="flex flex-col items-center flex-1 p-8 space-y-6"
>
  <svg
    class="font-black w-36 h-36 text-primary-600 dark:text-primary-400"
    data-icon="ph:signpost-duotone"
    data-test="title"
  />
  <div
    class="items-center mt-8 text-center text-gray-600 dark:text-gray-300"
  >
    <p
      class="text-2xl font-bold max-w-7xl"
    >
       We can't find the page you have requested. 
    </p>
    <p
      class="pt-4 text-lg"
      data-test="subtitle"
    >
       Double check the address and try again. If the issue persists please contact the service desk. 
    </p>
  </div>
  <div
    data-v-90422ccc=""
  >
    <router-link-stub
      custom=""
      data-v-90422ccc=""
      to="/projects"
    />
  </div>
</div>
`;
