// Vitest Snapshot v1, https://vitest.dev/guide/snapshot.html

exports[`Ai Search > Renders Component 1`] = `
<div>
  <div
    class="relative"
  >
    <div
      class="absolute inset-y-0 left-0 flex items-center pl-3 pointer-events-none"
    >
      <svg
        class="w-5 h-5 text-gray-400 dark:text-gray-600"
        data-icon="mdi:magnify"
      />
    </div>
    <input
      class="block w-full pl-10 text-sm transition duration-300 border-gray-300 dark:border-dark-border dark:bg-dark-surface rounded-md shadow-sm focus:border-primary-500 dark:focus:ring-primary-400 dark:focus:border-primary-400 focus:ring-primary-500 focus:ring-1 dark:text-gray-300"
      data-test=""
      placeholder=""
      type="search"
      value=""
    />
  </div>
</div>
`;
